
> Configure project :desktopApp
[graalvm] Using Oracle GraalVM instead of the default Community Edition. It is governed by the GraalVM Free Terms and Conditions (GFTC), which permit production and commercial use but only allow redistributing the Program "provided that You do not charge Your licensees any fees associated with such distribution or use". Nucleus copies GraalVM runtime libraries (libjvm, libawt, …) next to the packaged executable, so review the GFTC before shipping a paid application. Revert with graalvm { toolchain { distribution = GraalvmDistribution.COMMUNITY } }.
Configuration 'androidCompileClasspath' was resolved during configuration time.
This is a build performance and scalability issue.
See https://github.com/gradle/gradle/issues/2298
Run with --info for a stacktrace.
Configuration 'androidRuntimeClasspath' was resolved during configuration time.
This is a build performance and scalability issue.
See https://github.com/gradle/gradle/issues/2298
Run with --info for a stacktrace.
Configuration 'composeHotReloadDevJvmDevRuntimeClasspath' was resolved during configuration time.
This is a build performance and scalability issue.
See https://github.com/gradle/gradle/issues/2298
Run with --info for a stacktrace.
Configuration 'composeHotReloadDevJvmRuntimeClasspath' was resolved during configuration time.
This is a build performance and scalability issue.
See https://github.com/gradle/gradle/issues/2298
Run with --info for a stacktrace.
Configuration 'jvmCompileClasspath' was resolved during configuration time.
This is a build performance and scalability issue.
See https://github.com/gradle/gradle/issues/2298
Run with --info for a stacktrace.
Configuration 'jvmDevCompileClasspath' was resolved during configuration time.
This is a build performance and scalability issue.
See https://github.com/gradle/gradle/issues/2298
Run with --info for a stacktrace.
Configuration 'jvmDevRuntimeClasspath' was resolved during configuration time.
This is a build performance and scalability issue.
See https://github.com/gradle/gradle/issues/2298
Run with --info for a stacktrace.
Configuration 'jvmMainCompileClasspath' was resolved during configuration time.
This is a build performance and scalability issue.
See https://github.com/gradle/gradle/issues/2298
Run with --info for a stacktrace.
Configuration 'jvmMainRuntimeClasspath' was resolved during configuration time.
This is a build performance and scalability issue.
See https://github.com/gradle/gradle/issues/2298
Run with --info for a stacktrace.
Configuration 'jvmRuntimeClasspath' was resolved during configuration time.
This is a build performance and scalability issue.
See https://github.com/gradle/gradle/issues/2298
Run with --info for a stacktrace.
Configuration 'metadataCommonMainCompileClasspath' was resolved during configuration time.
This is a build performance and scalability issue.
See https://github.com/gradle/gradle/issues/2298
Run with --info for a stacktrace.
Configuration 'metadataCompileClasspath' was resolved during configuration time.
This is a build performance and scalability issue.
See https://github.com/gradle/gradle/issues/2298
Run with --info for a stacktrace.

> Task :androidApp:preBuild UP-TO-DATE
> Task :androidApp:preReleaseBuild UP-TO-DATE
> Task :shared:androidPreBuild UP-TO-DATE
> Task :shared:preAndroidMainBuild UP-TO-DATE
> Task :shared:mergeAndroidMainJniLibFolders UP-TO-DATE
> Task :androidApp:mergeReleaseJniLibFolders UP-TO-DATE
> Task :shared:mergeAndroidMainNativeLibs NO-SOURCE
> Task :shared:copyAndroidMainJniLibsProjectOnly UP-TO-DATE
> Task :shared:kmpPartiallyResolvedDependenciesChecker
> Task :shared:checkKotlinGradlePluginConfigurationErrors SKIPPED
> Task :shared:convertXmlValueResourcesForAndroidMain NO-SOURCE
> Task :shared:copyNonXmlValueResourcesForAndroidMain NO-SOURCE
> Task :shared:prepareComposeResourcesTaskForAndroidMain NO-SOURCE
> Task :shared:generateResourceAccessorsForAndroidMain NO-SOURCE
> Task :androidApp:checkReleaseDuplicateClasses UP-TO-DATE
> Task :androidApp:mergeReleaseNativeLibs UP-TO-DATE
> Task :androidApp:stripReleaseDebugSymbols UP-TO-DATE
> Task :androidApp:extractReleaseNativeSymbolTables UP-TO-DATE
> Task :androidApp:mergeReleaseNativeDebugMetadata NO-SOURCE
> Task :androidApp:generateReleaseResources UP-TO-DATE
> Task :androidApp:packageReleaseResources UP-TO-DATE
> Task :androidApp:javaPreCompileRelease UP-TO-DATE
> Task :androidApp:mapReleaseSourceSetPaths UP-TO-DATE
> Task :androidApp:createReleaseCompatibleScreenManifests
> Task :androidApp:extractDeepLinksRelease UP-TO-DATE
> Task :androidApp:desugarReleaseFileDependencies UP-TO-DATE
> Task :androidApp:mergeReleaseStartupProfile UP-TO-DATE
> Task :androidApp:mergeExtDexRelease UP-TO-DATE
> Task :androidApp:generateReleaseAssets UP-TO-DATE
> Task :shared:exportLibraryDefinitions UP-TO-DATE
> Task :androidApp:extractReleaseVersionControlInfo UP-TO-DATE
> Task :androidApp:extractProguardFiles UP-TO-DATE
> Task :shared:convertXmlValueResourcesForCommonMain UP-TO-DATE
> Task :androidApp:collectReleaseDependencies UP-TO-DATE
> Task :androidApp:sdkReleaseDependencyData UP-TO-DATE
> Task :shared:copyNonXmlValueResourcesForCommonMain UP-TO-DATE
> Task :androidApp:validateSigningRelease
> Task :androidApp:writeReleaseAppMetadata UP-TO-DATE
> Task :shared:prepareComposeResourcesTaskForCommonMain UP-TO-DATE
> Task :androidApp:writeReleaseSigningConfigVersions UP-TO-DATE
> Task :shared:generateResourceAccessorsForCommonMain UP-TO-DATE
> Task :shared:generateActualResourceCollectorsForAndroidMain UP-TO-DATE
> Task :shared:generateAndroidMainEmptyResourceFiles UP-TO-DATE
> Task :shared:copyAndroidMainComposeResourcesToAndroidAssets UP-TO-DATE
> Task :androidApp:processReleaseNavigationResources UP-TO-DATE
> Task :shared:prepareLibraryDefinitionsAndroidMain UP-TO-DATE
> Task :shared:packageAndroidMainResources UP-TO-DATE
> Task :shared:parseAndroidMainLocalResources UP-TO-DATE
> Task :androidApp:parseReleaseLocalResources UP-TO-DATE
> Task :shared:generateAndroidMainRFile UP-TO-DATE
> Task :androidApp:generateReleaseRFile UP-TO-DATE
> Task :shared:generateComposeResClass UP-TO-DATE
> Task :shared:generateExpectResourceCollectorsForCommonMain UP-TO-DATE
> Task :androidApp:compileReleaseNavigationResources UP-TO-DATE
> Task :androidApp:mergeReleaseResources UP-TO-DATE
> Task :shared:compileAndroidMain UP-TO-DATE
> Task :shared:bundleLibRuntimeToDirAndroidMain UP-TO-DATE
> Task :shared:bundleAndroidMainClassesToCompileJar UP-TO-DATE
> Task :shared:writeAndroidMainAarMetadata UP-TO-DATE
> Task :shared:processAndroidMainManifest UP-TO-DATE
> Task :shared:mapAndroidMainSourceSetPaths UP-TO-DATE
> Task :shared:compileAndroidMainLibraryResources UP-TO-DATE
> Task :shared:prepareAndroidMainArtProfile UP-TO-DATE
> Task :shared:bundleAndroidMainClassesToRuntimeJar UP-TO-DATE
> Task :shared:generateAndroidMainAssets UP-TO-DATE
> Task :shared:mergeAndroidMainAssets UP-TO-DATE
> Task :shared:processAndroidMainJavaRes UP-TO-DATE
> Task :shared:createFullJarAndroidMain UP-TO-DATE
> Task :shared:prepareLintJarForPublish UP-TO-DATE
> Task :shared:checkAndroidMainAarMetadata UP-TO-DATE
> Task :androidApp:compileReleaseKotlin UP-TO-DATE
> Task :androidApp:compileReleaseJavaWithJavac NO-SOURCE
> Task :androidApp:checkReleaseAarMetadata UP-TO-DATE
> Task :androidApp:processReleaseMainManifest UP-TO-DATE
> Task :androidApp:processReleaseManifest
> Task :androidApp:processReleaseManifestForPackage UP-TO-DATE
> Task :shared:extractAndroidMainAnnotations UP-TO-DATE
> Task :shared:mergeAndroidMainJavaResource UP-TO-DATE
> Task :shared:syncAndroidMainLibJars UP-TO-DATE
> Task :shared:bundleAndroidMainLocalLintAar UP-TO-DATE
> Task :androidApp:mergeReleaseArtProfile UP-TO-DATE
> Task :androidApp:mergeReleaseAssets UP-TO-DATE
> Task :androidApp:compressReleaseAssets UP-TO-DATE
> Task :androidApp:generateReleaseLintVitalReportModel
> Task :androidApp:processReleaseJavaRes UP-TO-DATE
> Task :androidApp:mergeReleaseJavaResource UP-TO-DATE
> Task :androidApp:processReleaseResources
> Task :androidApp:dexBuilderRelease UP-TO-DATE
> Task :androidApp:mergeDexRelease UP-TO-DATE
> Task :androidApp:mergeReleaseGlobalSynthetics UP-TO-DATE
> Task :androidApp:compileReleaseArtProfile UP-TO-DATE
> Task :androidApp:optimizeReleaseResources
> Task :androidApp:lintVitalAnalyzeRelease
> Task :androidApp:lintVitalReportRelease
> Task :androidApp:lintVitalRelease
> Task :androidApp:packageRelease
> Task :androidApp:createReleaseApkListingFileRedirect
> Task :androidApp:assembleRelease

BUILD SUCCESSFUL in 9s
83 actionable tasks: 12 executed, 71 up-to-date
