
> Configure project :desktopApp
[graalvm] Using Oracle GraalVM instead of the default Community Edition. It is governed by the GraalVM Free Terms and Conditions (GFTC), which permit production and commercial use but only allow redistributing the Program "provided that You do not charge Your licensees any fees associated with such distribution or use". Nucleus copies GraalVM runtime libraries (libjvm, libawt, …) next to the packaged executable, so review the GFTC before shipping a paid application. Revert with graalvm { toolchain { distribution = GraalvmDistribution.COMMUNITY } }.
Configuration 'androidCompileClasspath' was resolved during configuration time.
This is a build performance and scalability issue.
See https://github.com/gradle/gradle/issues/2298
Run with --info for a stacktrace.
Configuration 'androidRuntimeClasspath' was resolved during configuration time.
This is a build performance and scalability issue.
See https://github.com/gradle/gradle/issues/2298
Run with --info for a stacktrace.
Configuration 'composeHotReloadDevJvmDevRuntimeClasspath' was resolved during configuration time.
This is a build performance and scalability issue.
See https://github.com/gradle/gradle/issues/2298
Run with --info for a stacktrace.
Configuration 'composeHotReloadDevJvmRuntimeClasspath' was resolved during configuration time.
This is a build performance and scalability issue.
See https://github.com/gradle/gradle/issues/2298
Run with --info for a stacktrace.
Configuration 'jvmCompileClasspath' was resolved during configuration time.
This is a build performance and scalability issue.
See https://github.com/gradle/gradle/issues/2298
Run with --info for a stacktrace.
Configuration 'jvmDevCompileClasspath' was resolved during configuration time.
This is a build performance and scalability issue.
See https://github.com/gradle/gradle/issues/2298
Run with --info for a stacktrace.
Configuration 'jvmDevRuntimeClasspath' was resolved during configuration time.
This is a build performance and scalability issue.
See https://github.com/gradle/gradle/issues/2298
Run with --info for a stacktrace.
Configuration 'jvmMainCompileClasspath' was resolved during configuration time.
This is a build performance and scalability issue.
See https://github.com/gradle/gradle/issues/2298
Run with --info for a stacktrace.
Configuration 'jvmMainRuntimeClasspath' was resolved during configuration time.
This is a build performance and scalability issue.
See https://github.com/gradle/gradle/issues/2298
Run with --info for a stacktrace.
Configuration 'jvmRuntimeClasspath' was resolved during configuration time.
This is a build performance and scalability issue.
See https://github.com/gradle/gradle/issues/2298
Run with --info for a stacktrace.
Configuration 'metadataCommonMainCompileClasspath' was resolved during configuration time.
This is a build performance and scalability issue.
See https://github.com/gradle/gradle/issues/2298
Run with --info for a stacktrace.
Configuration 'metadataCompileClasspath' was resolved during configuration time.
This is a build performance and scalability issue.
See https://github.com/gradle/gradle/issues/2298
Run with --info for a stacktrace.

> Task :androidApp:preBuild UP-TO-DATE
> Task :desktopApp:checkKotlinGradlePluginConfigurationErrors SKIPPED
> Task :androidApp:preDebugBuild UP-TO-DATE
> Task :shared:checkJvmMainComposeLibrariesCompatibility
> Task :shared:kmpPartiallyResolvedDependenciesChecker
> Task :shared:checkKotlinGradlePluginConfigurationErrors SKIPPED
> Task :desktopApp:convertXmlValueResourcesForMain NO-SOURCE
> Task :androidApp:mergeDebugNativeDebugMetadata NO-SOURCE
> Task :desktopApp:copyNonXmlValueResourcesForMain NO-SOURCE
> Task :androidApp:generateDebugResources UP-TO-DATE
> Task :desktopApp:prepareComposeResourcesTaskForMain NO-SOURCE
> Task :desktopApp:generateResourceAccessorsForMain SKIPPED
> Task :desktopApp:generateActualResourceCollectorsForMain SKIPPED
> Task :androidApp:packageDebugResources UP-TO-DATE
> Task :desktopApp:generateComposeResClass SKIPPED
> Task :androidApp:javaPreCompileDebug UP-TO-DATE
> Task :androidApp:generateDebugAssets UP-TO-DATE
> Task :androidApp:desugarDebugFileDependencies UP-TO-DATE
> Task :androidApp:mapDebugSourceSetPaths UP-TO-DATE
> Task :androidApp:createDebugCompatibleScreenManifests UP-TO-DATE
> Task :androidApp:extractDeepLinksDebug UP-TO-DATE
> Task :androidApp:checkDebugDuplicateClasses UP-TO-DATE
> Task :androidApp:mergeExtDexDebug UP-TO-DATE
> Task :androidApp:mergeDebugJniLibFolders UP-TO-DATE
> Task :androidApp:validateSigningDebug UP-TO-DATE
> Task :androidApp:writeDebugAppMetadata UP-TO-DATE
> Task :androidApp:writeDebugSigningConfigVersions UP-TO-DATE
> Task :shared:exportLibraryDefinitions UP-TO-DATE
> Task :shared:convertXmlValueResourcesForCommonMain UP-TO-DATE
> Task :shared:copyNonXmlValueResourcesForCommonMain UP-TO-DATE
> Task :shared:prepareComposeResourcesTaskForCommonMain UP-TO-DATE
> Task :shared:generateResourceAccessorsForCommonMain UP-TO-DATE
> Task :shared:convertXmlValueResourcesForJvmMain NO-SOURCE
> Task :shared:copyNonXmlValueResourcesForJvmMain NO-SOURCE
> Task :shared:prepareComposeResourcesTaskForJvmMain NO-SOURCE
> Task :shared:generateResourceAccessorsForJvmMain NO-SOURCE
> Task :shared:generateActualResourceCollectorsForJvmMain UP-TO-DATE
> Task :shared:generateComposeResClass UP-TO-DATE
> Task :shared:generateExpectResourceCollectorsForCommonMain UP-TO-DATE
> Task :shared:compileKotlinJvm UP-TO-DATE
> Task :shared:compileJvmMainJava NO-SOURCE
> Task :shared:assembleJvmMainResources UP-TO-DATE
> Task :shared:jvmProcessResources UP-TO-DATE
> Task :shared:processJvmMainResources SKIPPED
> Task :shared:jvmMainClasses UP-TO-DATE
> Task :shared:jvmJar UP-TO-DATE
> Task :shared:androidPreBuild UP-TO-DATE
> Task :shared:preAndroidMainBuild UP-TO-DATE
> Task :shared:generateAndroidMainEmptyResourceFiles UP-TO-DATE
> Task :shared:convertXmlValueResourcesForAndroidMain NO-SOURCE
> Task :shared:copyNonXmlValueResourcesForAndroidMain NO-SOURCE
> Task :shared:prepareComposeResourcesTaskForAndroidMain NO-SOURCE
> Task :shared:generateResourceAccessorsForAndroidMain NO-SOURCE
> Task :androidApp:processDebugNavigationResources UP-TO-DATE
> Task :shared:generateActualResourceCollectorsForAndroidMain
> Task :androidApp:parseDebugLocalResources UP-TO-DATE
> Task :androidApp:generateDebugRFile UP-TO-DATE
> Task :androidApp:compileDebugNavigationResources UP-TO-DATE
> Task :desktopApp:compileKotlin UP-TO-DATE
> Task :shared:copyAndroidMainComposeResourcesToAndroidAssets
> Task :shared:prepareLibraryDefinitionsAndroidMain UP-TO-DATE
> Task :shared:packageAndroidMainResources UP-TO-DATE
> Task :shared:parseAndroidMainLocalResources UP-TO-DATE
> Task :shared:generateAndroidMainRFile UP-TO-DATE
> Task :androidApp:mergeDebugResources UP-TO-DATE
> Task :shared:generateAndroidMainAssets UP-TO-DATE
> Task :shared:mergeAndroidMainAssets
> Task :shared:writeAndroidMainAarMetadata UP-TO-DATE
> Task :shared:processAndroidMainManifest UP-TO-DATE
> Task :shared:mapAndroidMainSourceSetPaths UP-TO-DATE
> Task :shared:compileAndroidMainLibraryResources UP-TO-DATE
> Task :shared:mergeAndroidMainJniLibFolders UP-TO-DATE
> Task :shared:mergeAndroidMainNativeLibs NO-SOURCE
> Task :shared:copyAndroidMainJniLibsProjectOnly UP-TO-DATE
> Task :androidApp:mergeDebugAssets
> Task :androidApp:checkDebugAarMetadata UP-TO-DATE
> Task :androidApp:processDebugMainManifest UP-TO-DATE
> Task :androidApp:processDebugManifest UP-TO-DATE
> Task :androidApp:processDebugManifestForPackage UP-TO-DATE
> Task :androidApp:processDebugResources UP-TO-DATE
> Task :androidApp:mergeDebugNativeLibs UP-TO-DATE
> Task :androidApp:stripDebugDebugSymbols UP-TO-DATE
> Task :androidApp:compressDebugAssets

> Task :shared:compileAndroidMain
w: file:///C:/dev/music-radio/MusicRadio/shared/src/androidMain/kotlin/dev/kdroid/musicradio/platform/Platform.android.kt:23:10 'expect'/'actual' classes (including interfaces, objects, annotations, enums, and 'actual' typealiases) are in Beta. Consider using the '-Xexpect-actual-classes' flag to suppress this warning. Also see: https://youtrack.jetbrains.com/issue/KT-61573
w: file:///C:/dev/music-radio/MusicRadio/shared/src/commonMain/kotlin/dev/kdroid/musicradio/platform/Platform.kt:5:10 'expect'/'actual' classes (including interfaces, objects, annotations, enums, and 'actual' typealiases) are in Beta. Consider using the '-Xexpect-actual-classes' flag to suppress this warning. Also see: https://youtrack.jetbrains.com/issue/KT-61573
w: file:///C:/dev/music-radio/MusicRadio/shared/src/commonMain/kotlin/dev/kdroid/musicradio/player/IcyMetadata.kt:64:5 [CANCEL_001] Loop in suspend function without cooperation point. The coroutine cannot be cancelled until the loop completes. Inside a scope builder (launch/async/coroutineScope/supervisorScope/withContext) use ensureActive(); otherwise use currentCoroutineContext().ensureActive(), yield(), or delay() inside the loop. See: https://github.com/santimattius/structured-coroutines/blob/main/docs/BEST_PRACTICES_COROUTINES.md#41-cancel_001--ignoring-cancellation-in-intensive-loops
w: file:///C:/dev/music-radio/MusicRadio/shared/src/commonMain/kotlin/dev/kdroid/musicradio/player/IcyMetadata.kt:74:5 [CANCEL_001] Loop in suspend function without cooperation point. The coroutine cannot be cancelled until the loop completes. Inside a scope builder (launch/async/coroutineScope/supervisorScope/withContext) use ensureActive(); otherwise use currentCoroutineContext().ensureActive(), yield(), or delay() inside the loop. See: https://github.com/santimattius/structured-coroutines/blob/main/docs/BEST_PRACTICES_COROUTINES.md#41-cancel_001--ignoring-cancellation-in-intensive-loops

> Task :shared:processAndroidMainJavaRes
> Task :shared:bundleAndroidMainClassesToCompileJar
> Task :shared:bundleAndroidMainClassesToRuntimeJar
> Task :androidApp:compileDebugKotlin
> Task :androidApp:compileDebugJavaWithJavac NO-SOURCE
> Task :androidApp:dexBuilderDebug UP-TO-DATE
> Task :androidApp:processDebugJavaRes UP-TO-DATE
> Task :androidApp:mergeProjectDexDebug UP-TO-DATE
> Task :shared:bundleLibRuntimeToDirAndroidMain
> Task :androidApp:mergeDebugGlobalSynthetics UP-TO-DATE
> Task :androidApp:mergeDebugJavaResource
> Task :androidApp:mergeLibDexDebug
> Task :androidApp:packageDebug
> Task :androidApp:createDebugApkListingFileRedirect UP-TO-DATE
> Task :androidApp:assembleDebug
w: Detected multiple Kotlin daemon sessions at 

[Incubating] Problems report is available at: file:///C:/dev/music-radio/MusicRadio/build/reports/problems/problems-report.html

BUILD SUCCESSFUL in 13s
70 actionable tasks: 16 executed, 54 up-to-date
