
> Configure project :desktopApp
[graalvm] Using Oracle GraalVM instead of the default Community Edition. It is governed by the GraalVM Free Terms and Conditions (GFTC), which permit production and commercial use but only allow redistributing the Program "provided that You do not charge Your licensees any fees associated with such distribution or use". Nucleus copies GraalVM runtime libraries (libjvm, libawt, …) next to the packaged executable, so review the GFTC before shipping a paid application. Revert with graalvm { toolchain { distribution = GraalvmDistribution.COMMUNITY } }.
Configuration 'androidCompileClasspath' was resolved during configuration time.
This is a build performance and scalability issue.
See https://github.com/gradle/gradle/issues/2298
Run with --info for a stacktrace.
Configuration 'androidRuntimeClasspath' was resolved during configuration time.
This is a build performance and scalability issue.
See https://github.com/gradle/gradle/issues/2298
Run with --info for a stacktrace.
Configuration 'composeHotReloadDevJvmDevRuntimeClasspath' was resolved during configuration time.
This is a build performance and scalability issue.
See https://github.com/gradle/gradle/issues/2298
Run with --info for a stacktrace.
Configuration 'composeHotReloadDevJvmRuntimeClasspath' was resolved during configuration time.
This is a build performance and scalability issue.
See https://github.com/gradle/gradle/issues/2298
Run with --info for a stacktrace.
Configuration 'jvmCompileClasspath' was resolved during configuration time.
This is a build performance and scalability issue.
See https://github.com/gradle/gradle/issues/2298
Run with --info for a stacktrace.
Configuration 'jvmDevCompileClasspath' was resolved during configuration time.
This is a build performance and scalability issue.
See https://github.com/gradle/gradle/issues/2298
Run with --info for a stacktrace.
Configuration 'jvmDevRuntimeClasspath' was resolved during configuration time.
This is a build performance and scalability issue.
See https://github.com/gradle/gradle/issues/2298
Run with --info for a stacktrace.
Configuration 'jvmMainCompileClasspath' was resolved during configuration time.
This is a build performance and scalability issue.
See https://github.com/gradle/gradle/issues/2298
Run with --info for a stacktrace.
Configuration 'jvmMainRuntimeClasspath' was resolved during configuration time.
This is a build performance and scalability issue.
See https://github.com/gradle/gradle/issues/2298
Run with --info for a stacktrace.
Configuration 'jvmRuntimeClasspath' was resolved during configuration time.
This is a build performance and scalability issue.
See https://github.com/gradle/gradle/issues/2298
Run with --info for a stacktrace.
Configuration 'metadataCommonMainCompileClasspath' was resolved during configuration time.
This is a build performance and scalability issue.
See https://github.com/gradle/gradle/issues/2298
Run with --info for a stacktrace.
Configuration 'metadataCompileClasspath' was resolved during configuration time.
This is a build performance and scalability issue.
See https://github.com/gradle/gradle/issues/2298
Run with --info for a stacktrace.

> Task :shared:checkJvmMainComposeLibrariesCompatibility
> Task :shared:kmpPartiallyResolvedDependenciesChecker
> Task :shared:checkKotlinGradlePluginConfigurationErrors SKIPPED
> Task :shared:exportLibraryDefinitions UP-TO-DATE
> Task :shared:convertXmlValueResourcesForCommonMain UP-TO-DATE
> Task :shared:copyNonXmlValueResourcesForCommonMain UP-TO-DATE
> Task :shared:prepareComposeResourcesTaskForCommonMain UP-TO-DATE
> Task :shared:generateResourceAccessorsForCommonMain UP-TO-DATE
> Task :shared:convertXmlValueResourcesForJvmMain NO-SOURCE
> Task :shared:copyNonXmlValueResourcesForJvmMain NO-SOURCE
> Task :shared:prepareComposeResourcesTaskForJvmMain NO-SOURCE
> Task :shared:generateResourceAccessorsForJvmMain NO-SOURCE
> Task :shared:generateActualResourceCollectorsForJvmMain UP-TO-DATE
> Task :shared:generateComposeResClass UP-TO-DATE
> Task :shared:generateExpectResourceCollectorsForCommonMain UP-TO-DATE

> Task :shared:compileKotlinJvm
w: file:///C:/dev/music-radio/MusicRadio/shared/src/commonMain/kotlin/dev/kdroid/musicradio/platform/Platform.kt:5:10 'expect'/'actual' classes (including interfaces, objects, annotations, enums, and 'actual' typealiases) are in Beta. Consider using the '-Xexpect-actual-classes' flag to suppress this warning. Also see: https://youtrack.jetbrains.com/issue/KT-61573
w: file:///C:/dev/music-radio/MusicRadio/shared/src/jvmMain/kotlin/dev/kdroid/musicradio/platform/Platform.jvm.kt:11:10 'expect'/'actual' classes (including interfaces, objects, annotations, enums, and 'actual' typealiases) are in Beta. Consider using the '-Xexpect-actual-classes' flag to suppress this warning. Also see: https://youtrack.jetbrains.com/issue/KT-61573

[Incubating] Problems report is available at: file:///C:/dev/music-radio/MusicRadio/build/reports/problems/problems-report.html

BUILD SUCCESSFUL in 8s
11 actionable tasks: 3 executed, 8 up-to-date
